// Jest Snapshot v1, https://goo.gl/fbAQLP

exports[`grayscale ramp 1`] = `
Array [
  Array [
    0,
    0,
    0,
  ],
  Array [
    0,
    0,
    0,
  ],
  Array [
    0,
    0,
    0,
  ],
  Array [
    0,
    0,
    0,
  ],
  Array [
    0,
    0,
    0,
  ],
  Array [
    0,
    0,
    0,
  ],
  Array [
    0,
    0,
    0,
  ],
  Array [
    0,
    0,
    0,
  ],
  Array [
    0,
    0,
    0,
  ],
  Array [
    0,
    0,
    0,
  ],
  Array [
    0,
    0,
    0,
  ],
  Array [
    0,
    0,
    0,
  ],
  Array [
    0,
    0,
    0,
  ],
  Array [
    0,
    0,
    0,
  ],
  Array [
    0,
    0,
    0,
  ],
  Array [
    0,
    0,
    0,
  ],
  Array [
    0,
    0,
    0,
  ],
  Array [
    0,
    0,
    0,
  ],
  Array [
    0,
    0,
    0,
  ],
  Array [
    0,
    0,
    0,
  ],
  Array [
    0,
    0,
    0,
  ],
  Array [
    0,
    0,
    0,
  ],
  Array [
    0,
    0,
    0,
  ],
  Array [
    0,
    0,
    0,
  ],
  Array [
    0,
    0,
    0,
  ],
  Array [
    0,
    0,
    0,
  ],
  Array [
    0,
    0,
    0,
  ],
  Array [
    0,
    0,
    0,
  ],
  Array [
    0,
    0,
    0,
  ],
  Array [
    0,
    0,
    0,
  ],
  Array [
    0,
    0,
    0,
  ],
  Array [
    0,
    0,
    0,
  ],
  Array [
    0,
    0,
    0,
  ],
  Array [
    0,
    0,
    0,
  ],
  Array [
    0,
    0,
    0,
  ],
  Array [
    0,
    0,
    0,
  ],
  Array [
    1,
    1,
    1,
  ],
  Array [
    3,
    3,
    3,
  ],
  Array [
    5,
    5,
    5,
  ],
  Array [
    6,
    6,
    6,
  ],
  Array [
    8,
    8,
    8,
  ],
  Array [
    10,
    10,
    10,
  ],
  Array [
    11,
    11,
    11,
  ],
  Array [
    13,
    13,
    13,
  ],
  Array [
    14,
    14,
    14,
  ],
  Array [
    15,
    15,
    15,
  ],
  Array [
    17,
    17,
    17,
  ],
  Array [
    18,
    18,
    18,
  ],
  Array [
    19,
    19,
    19,
  ],
  Array [
    20,
    20,
    20,
  ],
  Array [
    21,
    21,
    21,
  ],
  Array [
    22,
    22,
    22,
  ],
  Array [
    23,
    23,
    23,
  ],
  Array [
    24,
    24,
    24,
  ],
  Array [
    25,
    25,
    25,
  ],
  Array [
    26,
    26,
    26,
  ],
  Array [
    26,
    26,
    26,
  ],
  Array [
    27,
    27,
    27,
  ],
  Array [
    28,
    28,
    28,
  ],
  Array [
    29,
    29,
    29,
  ],
  Array [
    30,
    30,
    30,
  ],
  Array [
    31,
    31,
    31,
  ],
  Array [
    32,
    32,
    32,
  ],
  Array [
    33,
    33,
    33,
  ],
  Array [
    34,
    34,
    34,
  ],
  Array [
    35,
    35,
    35,
  ],
  Array [
    36,
    36,
    36,
  ],
  Array [
    37,
    37,
    37,
  ],
  Array [
    38,
    38,
    38,
  ],
  Array [
    38,
    38,
    38,
  ],
  Array [
    39,
    39,
    39,
  ],
  Array [
    40,
    40,
    40,
  ],
  Array [
    41,
    41,
    41,
  ],
  Array [
    42,
    42,
    42,
  ],
  Array [
    43,
    43,
    43,
  ],
  Array [
    44,
    44,
    44,
  ],
  Array [
    45,
    45,
    45,
  ],
  Array [
    46,
    46,
    46,
  ],
  Array [
    47,
    47,
    47,
  ],
  Array [
    48,
    48,
    48,
  ],
  Array [
    49,
    49,
    49,
  ],
  Array [
    50,
    50,
    50,
  ],
  Array [
    51,
    51,
    51,
  ],
  Array [
    52,
    52,
    52,
  ],
  Array [
    53,
    53,
    53,
  ],
  Array [
    54,
    54,
    54,
  ],
  Array [
    55,
    55,
    55,
  ],
  Array [
    56,
    56,
    56,
  ],
  Array [
    57,
    57,
    57,
  ],
  Array [
    58,
    58,
    58,
  ],
  Array [
    59,
    59,
    59,
  ],
  Array [
    60,
    60,
    60,
  ],
  Array [
    61,
    61,
    61,
  ],
  Array [
    62,
    62,
    62,
  ],
  Array [
    63,
    63,
    63,
  ],
  Array [
    64,
    64,
    64,
  ],
  Array [
    65,
    65,
    65,
  ],
  Array [
    66,
    66,
    66,
  ],
  Array [
    67,
    67,
    67,
  ],
  Array [
    68,
    68,
    68,
  ],
  Array [
    69,
    69,
    69,
  ],
  Array [
    71,
    71,
    71,
  ],
  Array [
    72,
    72,
    72,
  ],
  Array [
    73,
    73,
    73,
  ],
  Array [
    74,
    74,
    74,
  ],
  Array [
    75,
    75,
    75,
  ],
  Array [
    76,
    76,
    76,
  ],
  Array [
    77,
    77,
    77,
  ],
  Array [
    78,
    78,
    78,
  ],
  Array [
    79,
    79,
    79,
  ],
  Array [
    80,
    80,
    80,
  ],
  Array [
    81,
    81,
    81,
  ],
  Array [
    82,
    82,
    82,
  ],
  Array [
    83,
    83,
    83,
  ],
  Array [
    84,
    84,
    84,
  ],
  Array [
    85,
    85,
    85,
  ],
  Array [
    86,
    86,
    86,
  ],
  Array [
    88,
    88,
    88,
  ],
  Array [
    89,
    89,
    89,
  ],
  Array [
    90,
    90,
    90,
  ],
  Array [
    91,
    91,
    91,
  ],
  Array [
    92,
    92,
    92,
  ],
  Array [
    93,
    93,
    93,
  ],
  Array [
    94,
    94,
    94,
  ],
  Array [
    95,
    95,
    95,
  ],
  Array [
    96,
    96,
    96,
  ],
  Array [
    97,
    97,
    97,
  ],
  Array [
    99,
    99,
    99,
  ],
  Array [
    100,
    100,
    100,
  ],
  Array [
    101,
    101,
    101,
  ],
  Array [
    102,
    102,
    102,
  ],
  Array [
    103,
    103,
    103,
  ],
  Array [
    104,
    104,
    104,
  ],
  Array [
    105,
    105,
    105,
  ],
  Array [
    106,
    106,
    106,
  ],
  Array [
    107,
    107,
    107,
  ],
  Array [
    109,
    109,
    109,
  ],
  Array [
    110,
    110,
    110,
  ],
  Array [
    111,
    111,
    111,
  ],
  Array [
    112,
    112,
    112,
  ],
  Array [
    113,
    113,
    113,
  ],
  Array [
    114,
    114,
    114,
  ],
  Array [
    115,
    115,
    115,
  ],
  Array [
    117,
    117,
    117,
  ],
  Array [
    118,
    118,
    118,
  ],
  Array [
    119,
    119,
    119,
  ],
  Array [
    120,
    120,
    120,
  ],
  Array [
    121,
    121,
    121,
  ],
  Array [
    122,
    122,
    122,
  ],
  Array [
    123,
    123,
    123,
  ],
  Array [
    125,
    125,
    125,
  ],
  Array [
    126,
    126,
    126,
  ],
  Array [
    127,
    127,
    127,
  ],
  Array [
    128,
    128,
    128,
  ],
  Array [
    129,
    129,
    129,
  ],
  Array [
    130,
    130,
    130,
  ],
  Array [
    132,
    132,
    132,
  ],
  Array [
    133,
    133,
    133,
  ],
  Array [
    134,
    134,
    134,
  ],
  Array [
    135,
    135,
    135,
  ],
  Array [
    136,
    136,
    136,
  ],
  Array [
    137,
    137,
    137,
  ],
  Array [
    139,
    139,
    139,
  ],
  Array [
    140,
    140,
    140,
  ],
  Array [
    141,
    141,
    141,
  ],
  Array [
    142,
    142,
    142,
  ],
  Array [
    143,
    143,
    143,
  ],
  Array [
    144,
    144,
    144,
  ],
  Array [
    146,
    146,
    146,
  ],
  Array [
    147,
    147,
    147,
  ],
  Array [
    148,
    148,
    148,
  ],
  Array [
    149,
    149,
    149,
  ],
  Array [
    150,
    150,
    150,
  ],
  Array [
    152,
    152,
    152,
  ],
  Array [
    153,
    153,
    153,
  ],
  Array [
    154,
    154,
    154,
  ],
  Array [
    155,
    155,
    155,
  ],
  Array [
    156,
    156,
    156,
  ],
  Array [
    158,
    158,
    158,
  ],
  Array [
    159,
    159,
    159,
  ],
  Array [
    160,
    160,
    160,
  ],
  Array [
    161,
    161,
    161,
  ],
  Array [
    162,
    162,
    162,
  ],
  Array [
    164,
    164,
    164,
  ],
  Array [
    165,
    165,
    165,
  ],
  Array [
    166,
    166,
    166,
  ],
  Array [
    167,
    167,
    167,
  ],
  Array [
    169,
    169,
    169,
  ],
  Array [
    170,
    170,
    170,
  ],
  Array [
    171,
    171,
    171,
  ],
  Array [
    172,
    172,
    172,
  ],
  Array [
    173,
    173,
    173,
  ],
  Array [
    175,
    175,
    175,
  ],
  Array [
    176,
    176,
    176,
  ],
  Array [
    177,
    177,
    177,
  ],
  Array [
    178,
    178,
    178,
  ],
  Array [
    180,
    180,
    180,
  ],
  Array [
    181,
    181,
    181,
  ],
  Array [
    182,
    182,
    182,
  ],
  Array [
    183,
    183,
    183,
  ],
  Array [
    185,
    185,
    185,
  ],
  Array [
    186,
    186,
    186,
  ],
  Array [
    187,
    187,
    187,
  ],
  Array [
    188,
    188,
    188,
  ],
  Array [
    190,
    190,
    190,
  ],
  Array [
    191,
    191,
    191,
  ],
  Array [
    192,
    192,
    192,
  ],
  Array [
    193,
    193,
    193,
  ],
  Array [
    195,
    195,
    195,
  ],
  Array [
    196,
    196,
    196,
  ],
  Array [
    197,
    197,
    197,
  ],
  Array [
    198,
    198,
    198,
  ],
  Array [
    200,
    200,
    200,
  ],
  Array [
    201,
    201,
    201,
  ],
  Array [
    202,
    202,
    202,
  ],
  Array [
    203,
    203,
    203,
  ],
  Array [
    205,
    205,
    205,
  ],
  Array [
    206,
    206,
    206,
  ],
  Array [
    207,
    207,
    207,
  ],
  Array [
    208,
    208,
    208,
  ],
  Array [
    210,
    210,
    210,
  ],
  Array [
    211,
    211,
    211,
  ],
  Array [
    212,
    212,
    212,
  ],
  Array [
    213,
    213,
    213,
  ],
  Array [
    215,
    215,
    215,
  ],
  Array [
    216,
    216,
    216,
  ],
  Array [
    217,
    217,
    217,
  ],
  Array [
    219,
    219,
    219,
  ],
  Array [
    220,
    220,
    220,
  ],
  Array [
    221,
    221,
    221,
  ],
  Array [
    222,
    222,
    222,
  ],
  Array [
    224,
    224,
    224,
  ],
  Array [
    225,
    225,
    225,
  ],
  Array [
    226,
    226,
    226,
  ],
  Array [
    228,
    228,
    228,
  ],
  Array [
    229,
    229,
    229,
  ],
  Array [
    230,
    230,
    230,
  ],
  Array [
    231,
    231,
    231,
  ],
  Array [
    233,
    233,
    233,
  ],
  Array [
    234,
    234,
    234,
  ],
  Array [
    235,
    235,
    235,
  ],
  Array [
    237,
    237,
    237,
  ],
  Array [
    238,
    238,
    238,
  ],
  Array [
    239,
    239,
    239,
  ],
  Array [
    241,
    241,
    241,
  ],
  Array [
    242,
    242,
    242,
  ],
  Array [
    243,
    243,
    243,
  ],
  Array [
    244,
    244,
    244,
  ],
  Array [
    246,
    246,
    246,
  ],
  Array [
    247,
    247,
    247,
  ],
  Array [
    248,
    248,
    248,
  ],
  Array [
    250,
    250,
    250,
  ],
  Array [
    251,
    251,
    251,
  ],
  Array [
    252,
    252,
    252,
  ],
  Array [
    254,
    254,
    254,
  ],
  Array [
    255,
    255,
    255,
  ],
]
`;

exports[`grayscale ramp html 1`] = `
Array [
  Array [
    0,
    0,
    0,
  ],
  Array [
    0,
    0,
    0,
  ],
  Array [
    0,
    0,
    0,
  ],
  Array [
    0,
    0,
    0,
  ],
  Array [
    0,
    0,
    0,
  ],
  Array [
    0,
    0,
    0,
  ],
  Array [
    0,
    0,
    0,
  ],
  Array [
    0,
    0,
    0,
  ],
  Array [
    0,
    0,
    0,
  ],
  Array [
    0,
    0,
    0,
  ],
  Array [
    0,
    0,
    0,
  ],
  Array [
    0,
    0,
    0,
  ],
  Array [
    0,
    0,
    0,
  ],
  Array [
    0,
    0,
    0,
  ],
  Array [
    0,
    0,
    0,
  ],
  Array [
    0,
    0,
    0,
  ],
  Array [
    0,
    0,
    0,
  ],
  Array [
    0,
    0,
    0,
  ],
  Array [
    0,
    0,
    0,
  ],
  Array [
    0,
    0,
    0,
  ],
  Array [
    0,
    0,
    0,
  ],
  Array [
    0,
    0,
    0,
  ],
  Array [
    0,
    0,
    0,
  ],
  Array [
    0,
    0,
    0,
  ],
  Array [
    0,
    0,
    0,
  ],
  Array [
    0,
    0,
    0,
  ],
  Array [
    0,
    0,
    0,
  ],
  Array [
    0,
    0,
    0,
  ],
  Array [
    0,
    0,
    0,
  ],
  Array [
    0,
    0,
    0,
  ],
  Array [
    0,
    0,
    0,
  ],
  Array [
    0,
    0,
    0,
  ],
  Array [
    0,
    0,
    0,
  ],
  Array [
    0,
    0,
    0,
  ],
  Array [
    0,
    0,
    0,
  ],
  Array [
    0,
    0,
    0,
  ],
  Array [
    1,
    1,
    1,
  ],
  Array [
    3,
    3,
    3,
  ],
  Array [
    5,
    5,
    5,
  ],
  Array [
    6,
    6,
    6,
  ],
  Array [
    8,
    8,
    8,
  ],
  Array [
    10,
    10,
    10,
  ],
  Array [
    11,
    11,
    11,
  ],
  Array [
    13,
    13,
    13,
  ],
  Array [
    14,
    14,
    14,
  ],
  Array [
    15,
    15,
    15,
  ],
  Array [
    17,
    17,
    17,
  ],
  Array [
    18,
    18,
    18,
  ],
  Array [
    19,
    19,
    19,
  ],
  Array [
    20,
    20,
    20,
  ],
  Array [
    21,
    21,
    21,
  ],
  Array [
    22,
    22,
    22,
  ],
  Array [
    23,
    23,
    23,
  ],
  Array [
    24,
    24,
    24,
  ],
  Array [
    25,
    25,
    25,
  ],
  Array [
    26,
    26,
    26,
  ],
  Array [
    26,
    26,
    26,
  ],
  Array [
    27,
    27,
    27,
  ],
  Array [
    28,
    28,
    28,
  ],
  Array [
    29,
    29,
    29,
  ],
  Array [
    30,
    30,
    30,
  ],
  Array [
    31,
    31,
    31,
  ],
  Array [
    32,
    32,
    32,
  ],
  Array [
    33,
    33,
    33,
  ],
  Array [
    34,
    34,
    34,
  ],
  Array [
    35,
    35,
    35,
  ],
  Array [
    36,
    36,
    36,
  ],
  Array [
    37,
    37,
    37,
  ],
  Array [
    38,
    38,
    38,
  ],
  Array [
    38,
    38,
    38,
  ],
  Array [
    39,
    39,
    39,
  ],
  Array [
    40,
    40,
    40,
  ],
  Array [
    41,
    41,
    41,
  ],
  Array [
    42,
    42,
    42,
  ],
  Array [
    43,
    43,
    43,
  ],
  Array [
    44,
    44,
    44,
  ],
  Array [
    45,
    45,
    45,
  ],
  Array [
    46,
    46,
    46,
  ],
  Array [
    47,
    47,
    47,
  ],
  Array [
    48,
    48,
    48,
  ],
  Array [
    49,
    49,
    49,
  ],
  Array [
    50,
    50,
    50,
  ],
  Array [
    51,
    51,
    51,
  ],
  Array [
    52,
    52,
    52,
  ],
  Array [
    53,
    53,
    53,
  ],
  Array [
    54,
    54,
    54,
  ],
  Array [
    55,
    55,
    55,
  ],
  Array [
    56,
    56,
    56,
  ],
  Array [
    57,
    57,
    57,
  ],
  Array [
    58,
    58,
    58,
  ],
  Array [
    59,
    59,
    59,
  ],
  Array [
    60,
    60,
    60,
  ],
  Array [
    61,
    61,
    61,
  ],
  Array [
    62,
    62,
    62,
  ],
  Array [
    63,
    63,
    63,
  ],
  Array [
    64,
    64,
    64,
  ],
  Array [
    65,
    65,
    65,
  ],
  Array [
    66,
    66,
    66,
  ],
  Array [
    67,
    67,
    67,
  ],
  Array [
    68,
    68,
    68,
  ],
  Array [
    69,
    69,
    69,
  ],
  Array [
    71,
    71,
    71,
  ],
  Array [
    72,
    72,
    72,
  ],
  Array [
    73,
    73,
    73,
  ],
  Array [
    74,
    74,
    74,
  ],
  Array [
    75,
    75,
    75,
  ],
  Array [
    76,
    76,
    76,
  ],
  Array [
    77,
    77,
    77,
  ],
  Array [
    78,
    78,
    78,
  ],
  Array [
    79,
    79,
    79,
  ],
  Array [
    80,
    80,
    80,
  ],
  Array [
    81,
    81,
    81,
  ],
  Array [
    82,
    82,
    82,
  ],
  Array [
    83,
    83,
    83,
  ],
  Array [
    84,
    84,
    84,
  ],
  Array [
    85,
    85,
    85,
  ],
  Array [
    86,
    86,
    86,
  ],
  Array [
    88,
    88,
    88,
  ],
  Array [
    89,
    89,
    89,
  ],
  Array [
    90,
    90,
    90,
  ],
  Array [
    91,
    91,
    91,
  ],
  Array [
    92,
    92,
    92,
  ],
  Array [
    93,
    93,
    93,
  ],
  Array [
    94,
    94,
    94,
  ],
  Array [
    95,
    95,
    95,
  ],
  Array [
    96,
    96,
    96,
  ],
  Array [
    97,
    97,
    97,
  ],
  Array [
    99,
    99,
    99,
  ],
  Array [
    100,
    100,
    100,
  ],
  Array [
    101,
    101,
    101,
  ],
  Array [
    102,
    102,
    102,
  ],
  Array [
    103,
    103,
    103,
  ],
  Array [
    104,
    104,
    104,
  ],
  Array [
    105,
    105,
    105,
  ],
  Array [
    106,
    106,
    106,
  ],
  Array [
    107,
    107,
    107,
  ],
  Array [
    109,
    109,
    109,
  ],
  Array [
    110,
    110,
    110,
  ],
  Array [
    111,
    111,
    111,
  ],
  Array [
    112,
    112,
    112,
  ],
  Array [
    113,
    113,
    113,
  ],
  Array [
    114,
    114,
    114,
  ],
  Array [
    115,
    115,
    115,
  ],
  Array [
    117,
    117,
    117,
  ],
  Array [
    118,
    118,
    118,
  ],
  Array [
    119,
    119,
    119,
  ],
  Array [
    120,
    120,
    120,
  ],
  Array [
    121,
    121,
    121,
  ],
  Array [
    122,
    122,
    122,
  ],
  Array [
    123,
    123,
    123,
  ],
  Array [
    125,
    125,
    125,
  ],
  Array [
    126,
    126,
    126,
  ],
  Array [
    127,
    127,
    127,
  ],
  Array [
    128,
    128,
    128,
  ],
  Array [
    129,
    129,
    129,
  ],
  Array [
    130,
    130,
    130,
  ],
  Array [
    132,
    132,
    132,
  ],
  Array [
    133,
    133,
    133,
  ],
  Array [
    134,
    134,
    134,
  ],
  Array [
    135,
    135,
    135,
  ],
  Array [
    136,
    136,
    136,
  ],
  Array [
    137,
    137,
    137,
  ],
  Array [
    139,
    139,
    139,
  ],
  Array [
    140,
    140,
    140,
  ],
  Array [
    141,
    141,
    141,
  ],
  Array [
    142,
    142,
    142,
  ],
  Array [
    143,
    143,
    143,
  ],
  Array [
    144,
    144,
    144,
  ],
  Array [
    146,
    146,
    146,
  ],
  Array [
    147,
    147,
    147,
  ],
  Array [
    148,
    148,
    148,
  ],
  Array [
    149,
    149,
    149,
  ],
  Array [
    150,
    150,
    150,
  ],
  Array [
    152,
    152,
    152,
  ],
  Array [
    153,
    153,
    153,
  ],
  Array [
    154,
    154,
    154,
  ],
  Array [
    155,
    155,
    155,
  ],
  Array [
    156,
    156,
    156,
  ],
  Array [
    158,
    158,
    158,
  ],
  Array [
    159,
    159,
    159,
  ],
  Array [
    160,
    160,
    160,
  ],
  Array [
    161,
    161,
    161,
  ],
  Array [
    162,
    162,
    162,
  ],
  Array [
    164,
    164,
    164,
  ],
  Array [
    165,
    165,
    165,
  ],
  Array [
    166,
    166,
    166,
  ],
  Array [
    167,
    167,
    167,
  ],
  Array [
    169,
    169,
    169,
  ],
  Array [
    170,
    170,
    170,
  ],
  Array [
    171,
    171,
    171,
  ],
  Array [
    172,
    172,
    172,
  ],
  Array [
    173,
    173,
    173,
  ],
  Array [
    175,
    175,
    175,
  ],
  Array [
    176,
    176,
    176,
  ],
  Array [
    177,
    177,
    177,
  ],
  Array [
    178,
    178,
    178,
  ],
  Array [
    180,
    180,
    180,
  ],
  Array [
    181,
    181,
    181,
  ],
  Array [
    182,
    182,
    182,
  ],
  Array [
    183,
    183,
    183,
  ],
  Array [
    185,
    185,
    185,
  ],
  Array [
    186,
    186,
    186,
  ],
  Array [
    187,
    187,
    187,
  ],
  Array [
    188,
    188,
    188,
  ],
  Array [
    190,
    190,
    190,
  ],
  Array [
    191,
    191,
    191,
  ],
  Array [
    192,
    192,
    192,
  ],
  Array [
    193,
    193,
    193,
  ],
  Array [
    195,
    195,
    195,
  ],
  Array [
    196,
    196,
    196,
  ],
  Array [
    197,
    197,
    197,
  ],
  Array [
    198,
    198,
    198,
  ],
  Array [
    200,
    200,
    200,
  ],
  Array [
    201,
    201,
    201,
  ],
  Array [
    202,
    202,
    202,
  ],
  Array [
    203,
    203,
    203,
  ],
  Array [
    205,
    205,
    205,
  ],
  Array [
    206,
    206,
    206,
  ],
  Array [
    207,
    207,
    207,
  ],
  Array [
    208,
    208,
    208,
  ],
  Array [
    210,
    210,
    210,
  ],
  Array [
    211,
    211,
    211,
  ],
  Array [
    212,
    212,
    212,
  ],
  Array [
    213,
    213,
    213,
  ],
  Array [
    215,
    215,
    215,
  ],
  Array [
    216,
    216,
    216,
  ],
  Array [
    217,
    217,
    217,
  ],
  Array [
    219,
    219,
    219,
  ],
  Array [
    220,
    220,
    220,
  ],
  Array [
    221,
    221,
    221,
  ],
  Array [
    222,
    222,
    222,
  ],
  Array [
    224,
    224,
    224,
  ],
  Array [
    225,
    225,
    225,
  ],
  Array [
    226,
    226,
    226,
  ],
  Array [
    228,
    228,
    228,
  ],
  Array [
    229,
    229,
    229,
  ],
  Array [
    230,
    230,
    230,
  ],
  Array [
    231,
    231,
    231,
  ],
  Array [
    233,
    233,
    233,
  ],
  Array [
    234,
    234,
    234,
  ],
  Array [
    235,
    235,
    235,
  ],
  Array [
    237,
    237,
    237,
  ],
  Array [
    238,
    238,
    238,
  ],
  Array [
    239,
    239,
    239,
  ],
  Array [
    241,
    241,
    241,
  ],
  Array [
    242,
    242,
    242,
  ],
  Array [
    243,
    243,
    243,
  ],
  Array [
    244,
    244,
    244,
  ],
  Array [
    246,
    246,
    246,
  ],
  Array [
    247,
    247,
    247,
  ],
  Array [
    248,
    248,
    248,
  ],
  Array [
    250,
    250,
    250,
  ],
  Array [
    251,
    251,
    251,
  ],
  Array [
    252,
    252,
    252,
  ],
  Array [
    254,
    254,
    254,
  ],
  Array [
    255,
    255,
    255,
  ],
]
`;

exports[`ramp viridis 1`] = `
Array [
  Array [
    253,
    231,
    37,
  ],
  Array [
    250,
    231,
    37,
  ],
  Array [
    247,
    231,
    37,
  ],
  Array [
    244,
    231,
    36,
  ],
  Array [
    240,
    230,
    37,
  ],
  Array [
    237,
    230,
    37,
  ],
  Array [
    234,
    230,
    37,
  ],
  Array [
    231,
    230,
    37,
  ],
  Array [
    228,
    230,
    38,
  ],
  Array [
    224,
    230,
    38,
  ],
  Array [
    221,
    229,
    39,
  ],
  Array [
    218,
    229,
    39,
  ],
  Array [
    215,
    229,
    40,
  ],
  Array [
    212,
    229,
    41,
  ],
  Array [
    208,
    228,
    41,
  ],
  Array [
    205,
    228,
    42,
  ],
  Array [
    202,
    228,
    43,
  ],
  Array [
    199,
    228,
    44,
  ],
  Array [
    196,
    227,
    45,
  ],
  Array [
    192,
    227,
    46,
  ],
  Array [
    189,
    227,
    47,
  ],
  Array [
    186,
    226,
    48,
  ],
  Array [
    183,
    226,
    49,
  ],
  Array [
    179,
    226,
    51,
  ],
  Array [
    176,
    225,
    52,
  ],
  Array [
    173,
    225,
    53,
  ],
  Array [
    169,
    225,
    54,
  ],
  Array [
    166,
    224,
    56,
  ],
  Array [
    163,
    224,
    57,
  ],
  Array [
    160,
    223,
    58,
  ],
  Array [
    156,
    223,
    59,
  ],
  Array [
    153,
    223,
    61,
  ],
  Array [
    149,
    222,
    62,
  ],
  Array [
    146,
    222,
    63,
  ],
  Array [
    142,
    221,
    65,
  ],
  Array [
    139,
    221,
    66,
  ],
  Array [
    135,
    220,
    67,
  ],
  Array [
    132,
    220,
    69,
  ],
  Array [
    128,
    219,
    70,
  ],
  Array [
    125,
    219,
    72,
  ],
  Array [
    121,
    218,
    73,
  ],
  Array [
    117,
    218,
    74,
  ],
  Array [
    113,
    217,
    76,
  ],
  Array [
    109,
    217,
    77,
  ],
  Array [
    105,
    216,
    79,
  ],
  Array [
    101,
    216,
    80,
  ],
  Array [
    97,
    215,
    81,
  ],
  Array [
    93,
    215,
    83,
  ],
  Array [
    89,
    214,
    84,
  ],
  Array [
    84,
    213,
    86,
  ],
  Array [
    79,
    213,
    87,
  ],
  Array [
    74,
    212,
    88,
  ],
  Array [
    69,
    212,
    90,
  ],
  Array [
    63,
    211,
    91,
  ],
  Array [
    57,
    210,
    93,
  ],
  Array [
    50,
    210,
    94,
  ],
  Array [
    42,
    209,
    95,
  ],
  Array [
    32,
    208,
    97,
  ],
  Array [
    19,
    208,
    98,
  ],
  Array [
    0,
    207,
    100,
  ],
  Array [
    0,
    207,
    101,
  ],
  Array [
    0,
    206,
    103,
  ],
  Array [
    0,
    205,
    104,
  ],
  Array [
    0,
    205,
    105,
  ],
  Array [
    0,
    204,
    107,
  ],
  Array [
    0,
    203,
    108,
  ],
  Array [
    0,
    202,
    110,
  ],
  Array [
    0,
    202,
    111,
  ],
  Array [
    0,
    201,
    112,
  ],
  Array [
    0,
    200,
    114,
  ],
  Array [
    0,
    200,
    115,
  ],
  Array [
    0,
    199,
    117,
  ],
  Array [
    0,
    198,
    118,
  ],
  Array [
    0,
    198,
    119,
  ],
  Array [
    0,
    197,
    121,
  ],
  Array [
    0,
    196,
    122,
  ],
  Array [
    0,
    195,
    123,
  ],
  Array [
    0,
    195,
    125,
  ],
  Array [
    0,
    194,
    126,
  ],
  Array [
    0,
    193,
    127,
  ],
  Array [
    0,
    192,
    129,
  ],
  Array [
    0,
    192,
    130,
  ],
  Array [
    0,
    191,
    131,
  ],
  Array [
    0,
    190,
    133,
  ],
  Array [
    0,
    189,
    134,
  ],
  Array [
    0,
    188,
    135,
  ],
  Array [
    0,
    188,
    137,
  ],
  Array [
    0,
    187,
    138,
  ],
  Array [
    0,
    186,
    139,
  ],
  Array [
    0,
    185,
    141,
  ],
  Array [
    0,
    184,
    142,
  ],
  Array [
    0,
    184,
    143,
  ],
  Array [
    0,
    183,
    144,
  ],
  Array [
    0,
    182,
    146,
  ],
  Array [
    0,
    181,
    147,
  ],
  Array [
    0,
    180,
    148,
  ],
  Array [
    0,
    180,
    149,
  ],
  Array [
    0,
    179,
    150,
  ],
  Array [
    0,
    178,
    152,
  ],
  Array [
    0,
    177,
    153,
  ],
  Array [
    0,
    176,
    154,
  ],
  Array [
    0,
    175,
    155,
  ],
  Array [
    0,
    175,
    156,
  ],
  Array [
    0,
    174,
    157,
  ],
  Array [
    0,
    173,
    158,
  ],
  Array [
    0,
    172,
    159,
  ],
  Array [
    0,
    171,
    161,
  ],
  Array [
    0,
    170,
    162,
  ],
  Array [
    0,
    170,
    163,
  ],
  Array [
    0,
    169,
    164,
  ],
  Array [
    0,
    168,
    165,
  ],
  Array [
    0,
    167,
    166,
  ],
  Array [
    0,
    166,
    167,
  ],
  Array [
    0,
    165,
    168,
  ],
  Array [
    0,
    164,
    169,
  ],
  Array [
    0,
    163,
    170,
  ],
  Array [
    0,
    163,
    170,
  ],
  Array [
    0,
    162,
    171,
  ],
  Array [
    0,
    161,
    172,
  ],
  Array [
    0,
    160,
    173,
  ],
  Array [
    0,
    159,
    174,
  ],
  Array [
    0,
    158,
    175,
  ],
  Array [
    0,
    157,
    176,
  ],
  Array [
    0,
    156,
    176,
  ],
  Array [
    0,
    155,
    177,
  ],
  Array [
    0,
    155,
    178,
  ],
  Array [
    0,
    154,
    179,
  ],
  Array [
    0,
    153,
    179,
  ],
  Array [
    0,
    152,
    180,
  ],
  Array [
    0,
    151,
    181,
  ],
  Array [
    0,
    150,
    181,
  ],
  Array [
    0,
    149,
    182,
  ],
  Array [
    0,
    148,
    183,
  ],
  Array [
    0,
    147,
    183,
  ],
  Array [
    0,
    146,
    184,
  ],
  Array [
    0,
    145,
    184,
  ],
  Array [
    0,
    145,
    185,
  ],
  Array [
    0,
    144,
    186,
  ],
  Array [
    0,
    143,
    186,
  ],
  Array [
    0,
    142,
    186,
  ],
  Array [
    0,
    141,
    187,
  ],
  Array [
    0,
    140,
    187,
  ],
  Array [
    0,
    139,
    188,
  ],
  Array [
    0,
    138,
    188,
  ],
  Array [
    0,
    137,
    188,
  ],
  Array [
    0,
    136,
    189,
  ],
  Array [
    0,
    135,
    189,
  ],
  Array [
    0,
    134,
    189,
  ],
  Array [
    0,
    133,
    190,
  ],
  Array [
    0,
    132,
    190,
  ],
  Array [
    0,
    131,
    190,
  ],
  Array [
    0,
    130,
    190,
  ],
  Array [
    0,
    129,
    190,
  ],
  Array [
    0,
    128,
    190,
  ],
  Array [
    0,
    127,
    191,
  ],
  Array [
    0,
    127,
    191,
  ],
  Array [
    0,
    126,
    191,
  ],
  Array [
    0,
    125,
    191,
  ],
  Array [
    0,
    124,
    191,
  ],
  Array [
    0,
    123,
    191,
  ],
  Array [
    0,
    122,
    191,
  ],
  Array [
    0,
    121,
    191,
  ],
  Array [
    0,
    120,
    190,
  ],
  Array [
    0,
    119,
    190,
  ],
  Array [
    0,
    118,
    190,
  ],
  Array [
    0,
    117,
    190,
  ],
  Array [
    0,
    116,
    190,
  ],
  Array [
    0,
    115,
    190,
  ],
  Array [
    0,
    114,
    189,
  ],
  Array [
    0,
    113,
    189,
  ],
  Array [
    0,
    112,
    189,
  ],
  Array [
    0,
    111,
    188,
  ],
  Array [
    0,
    110,
    188,
  ],
  Array [
    0,
    109,
    188,
  ],
  Array [
    0,
    108,
    187,
  ],
  Array [
    0,
    107,
    187,
  ],
  Array [
    0,
    105,
    186,
  ],
  Array [
    0,
    104,
    186,
  ],
  Array [
    0,
    103,
    185,
  ],
  Array [
    0,
    102,
    185,
  ],
  Array [
    0,
    101,
    184,
  ],
  Array [
    0,
    100,
    184,
  ],
  Array [
    0,
    99,
    183,
  ],
  Array [
    0,
    98,
    182,
  ],
  Array [
    0,
    97,
    182,
  ],
  Array [
    0,
    96,
    181,
  ],
  Array [
    0,
    95,
    180,
  ],
  Array [
    0,
    94,
    180,
  ],
  Array [
    0,
    93,
    179,
  ],
  Array [
    0,
    92,
    178,
  ],
  Array [
    0,
    91,
    177,
  ],
  Array [
    0,
    90,
    176,
  ],
  Array [
    0,
    89,
    176,
  ],
  Array [
    0,
    88,
    175,
  ],
  Array [
    0,
    86,
    174,
  ],
  Array [
    0,
    85,
    173,
  ],
  Array [
    0,
    84,
    172,
  ],
  Array [
    0,
    83,
    171,
  ],
  Array [
    0,
    82,
    170,
  ],
  Array [
    0,
    81,
    169,
  ],
  Array [
    0,
    80,
    168,
  ],
  Array [
    0,
    79,
    167,
  ],
  Array [
    0,
    78,
    166,
  ],
  Array [
    0,
    76,
    165,
  ],
  Array [
    0,
    75,
    164,
  ],
  Array [
    0,
    74,
    162,
  ],
  Array [
    0,
    73,
    161,
  ],
  Array [
    0,
    72,
    160,
  ],
  Array [
    0,
    71,
    159,
  ],
  Array [
    0,
    70,
    158,
  ],
  Array [
    0,
    69,
    157,
  ],
  Array [
    0,
    67,
    155,
  ],
  Array [
    0,
    66,
    154,
  ],
  Array [
    0,
    65,
    153,
  ],
  Array [
    0,
    64,
    151,
  ],
  Array [
    0,
    63,
    150,
  ],
  Array [
    0,
    62,
    149,
  ],
  Array [
    0,
    60,
    147,
  ],
  Array [
    0,
    59,
    146,
  ],
  Array [
    0,
    58,
    145,
  ],
  Array [
    0,
    57,
    143,
  ],
  Array [
    0,
    56,
    142,
  ],
  Array [
    0,
    54,
    140,
  ],
  Array [
    0,
    53,
    139,
  ],
  Array [
    0,
    52,
    137,
  ],
  Array [
    0,
    51,
    136,
  ],
  Array [
    0,
    50,
    134,
  ],
  Array [
    5,
    48,
    133,
  ],
  Array [
    13,
    47,
    131,
  ],
  Array [
    19,
    46,
    130,
  ],
  Array [
    24,
    45,
    128,
  ],
  Array [
    28,
    43,
    127,
  ],
  Array [
    31,
    42,
    125,
  ],
  Array [
    34,
    41,
    124,
  ],
  Array [
    37,
    40,
    122,
  ],
  Array [
    39,
    38,
    121,
  ],
  Array [
    42,
    37,
    119,
  ],
  Array [
    44,
    36,
    117,
  ],
  Array [
    45,
    34,
    116,
  ],
  Array [
    47,
    33,
    114,
  ],
  Array [
    49,
    32,
    112,
  ],
  Array [
    50,
    30,
    111,
  ],
  Array [
    52,
    29,
    109,
  ],
  Array [
    53,
    27,
    107,
  ],
  Array [
    54,
    26,
    106,
  ],
  Array [
    55,
    24,
    104,
  ],
  Array [
    57,
    23,
    102,
  ],
  Array [
    58,
    21,
    101,
  ],
  Array [
    58,
    20,
    99,
  ],
  Array [
    59,
    18,
    97,
  ],
  Array [
    60,
    16,
    96,
  ],
  Array [
    61,
    14,
    94,
  ],
  Array [
    62,
    12,
    92,
  ],
  Array [
    62,
    10,
    91,
  ],
  Array [
    63,
    8,
    89,
  ],
  Array [
    63,
    6,
    87,
  ],
]
`;

exports[`slerp 0 1`] = `
Array [
  255,
  0,
  0,
]
`;

exports[`slerp 50 1`] = `
Array [
  127.5,
  0,
  125.92920367320511,
]
`;

exports[`slerp 100 1`] = `
Array [
  0,
  0,
  251.85840734641022,
]
`;
